Component: ARM Compiler 5.05 update 1 (build 106) Tool: armlink [4d0efa]

==============================================================================

Section Cross References

    common.o(i.FLASH_DisableWriteProtectionPages) refers to stm32f10x_flash.o(i.FLASH_GetWriteProtectionOptionByte) for FLASH_GetWriteProtectionOptionByte
    common.o(i.FLASH_DisableWriteProtectionPages) refers to stm32f10x_flash.o(i.FLASH_GetUserOptionByte) for FLASH_GetUserOptionByte
    common.o(i.FLASH_DisableWriteProtectionPages) refers to stm32f10x_flash.o(i.FLASH_EraseOptionBytes) for FLASH_EraseOptionBytes
    common.o(i.FLASH_DisableWriteProtectionPages) refers to stm32f10x_flash.o(i.FLASH_EnableWriteProtection) for FLASH_EnableWriteProtection
    common.o(i.FLASH_DisableWriteProtectionPages) refers to stm32f10x_flash.o(i.FLASH_UserOptionByteConfig) for FLASH_UserOptionByteConfig
    common.o(i.FLASH_DisableWriteProtectionPages) refers to common.o(i.Serial_PutString) for Serial_PutString
    common.o(i.FLASH_DisableWriteProtectionPages) refers to common.o(.data) for UserMemoryMask
    common.o(i.FLASH_DisableWriteProtectionPages) refers to common.o(.conststring) for .conststring
    common.o(i.GetInputString) refers to common.o(i.GetKey) for GetKey
    common.o(i.GetInputString) refers to common.o(i.Serial_PutString) for Serial_PutString
    common.o(i.GetInputString) refers to common.o(i.SerialPutChar) for SerialPutChar
    common.o(i.GetIntegerInput) refers to common.o(i.GetInputString) for GetInputString
    common.o(i.GetIntegerInput) refers to common.o(i.Serial_PutString) for Serial_PutString
    common.o(i.GetIntegerInput) refers to common.o(i.Str2Int) for Str2Int
    common.o(i.GetKey) refers to common.o(i.SerialKeyPressed) for SerialKeyPressed
    common.o(i.Main_Menu) refers to stm32f10x_flash.o(i.FLASH_GetWriteProtectionOptionByte) for FLASH_GetWriteProtectionOptionByte
    common.o(i.Main_Menu) refers to common.o(i.Serial_PutString) for Serial_PutString
    common.o(i.Main_Menu) refers to download.o(i.SerialDownload) for SerialDownload
    common.o(i.Main_Menu) refers to ymodem.o(.data) for FlashDestination
    common.o(i.Main_Menu) refers to common.o(.data) for BlockNbr
    common.o(i.Main_Menu) refers to common.o(.conststring) for .conststring
    common.o(i.SerialKeyPressed) refers to stm32f10x_usart.o(i.USART_GetFlagStatus) for USART_GetFlagStatus
    common.o(i.SerialPutChar) refers to stm32f10x_usart.o(i.USART_SendData) for USART_SendData
    common.o(i.SerialPutChar) refers to stm32f10x_usart.o(i.USART_GetFlagStatus) for USART_GetFlagStatus
    common.o(i.Serial_PutString) refers to common.o(i.SerialPutChar) for SerialPutChar
    download.o(i.SerialDownload) refers to common.o(i.Serial_PutString) for Serial_PutString
    download.o(i.SerialDownload) refers to ymodem.o(i.Ymodem_Receive) for Ymodem_Receive
    download.o(i.SerialDownload) refers to common.o(i.Int2Str) for Int2Str
    download.o(i.SerialDownload) refers to download.o(.bss) for tab_1024
    download.o(i.SerialDownload) refers to download.o(.conststring) for .conststring
    download.o(i.SerialDownload) refers to ymodem.o(.bss) for file_name
    main.o(i.IAP_Init) refers to stm32_eval.o(i.STM_EVAL_COMInit) for STM_EVAL_COMInit
    main.o(i.main) refers to stm32f10x_flash.o(i.FLASH_Unlock) for FLASH_Unlock
    main.o(i.main) refers to main.o(i.IAP_Init) for IAP_Init
    main.o(i.main) refers to upload.o(i.Flash_Read) for Flash_Read
    main.o(i.main) refers to upload.o(i.Flash_Write) for Flash_Write
    main.o(i.main) refers to common.o(i.Main_Menu) for Main_Menu
    main.o(i.main) refers to core_cm3.o(.emb_text) for __set_MSP
    main.o(i.main) refers to common.o(.data) for JumpAddress
    ymodem.o(i.Cal_CRC16) refers to ymodem.o(i.UpdateCRC16) for UpdateCRC16
    ymodem.o(i.Receive_Byte) refers to common.o(i.SerialKeyPressed) for SerialKeyPressed
    ymodem.o(i.Receive_Packet) refers to ymodem.o(i.Receive_Byte) for Receive_Byte
    ymodem.o(i.Send_Byte) refers to common.o(i.SerialPutChar) for SerialPutChar
    ymodem.o(i.Ymodem_PrepareIntialPacket) refers to common.o(i.Int2Str) for Int2Str
    ymodem.o(i.Ymodem_Receive) refers to ymodem.o(i.Receive_Packet) for Receive_Packet
    ymodem.o(i.Ymodem_Receive) refers to ymodem.o(i.Send_Byte) for Send_Byte
    ymodem.o(i.Ymodem_Receive) refers to common.o(i.Str2Int) for Str2Int
    ymodem.o(i.Ymodem_Receive) refers to common.o(i.FLASH_PagesMask) for FLASH_PagesMask
    ymodem.o(i.Ymodem_Receive) refers to stm32f10x_flash.o(i.FLASH_ErasePage) for FLASH_ErasePage
    ymodem.o(i.Ymodem_Receive) refers to memcpya.o(.text) for __aeabi_memcpy
    ymodem.o(i.Ymodem_Receive) refers to stm32f10x_flash.o(i.FLASH_ProgramWord) for FLASH_ProgramWord
    ymodem.o(i.Ymodem_Receive) refers to ymodem.o(.data) for FlashDestination
    ymodem.o(i.Ymodem_Receive) refers to ymodem.o(.bss) for file_name
    ymodem.o(i.Ymodem_SendPacket) refers to ymodem.o(i.Send_Byte) for Send_Byte
    ymodem.o(i.Ymodem_Transmit) refers to ymodem.o(i.Ymodem_PrepareIntialPacket) for Ymodem_PrepareIntialPacket
    ymodem.o(i.Ymodem_Transmit) refers to ymodem.o(i.Ymodem_SendPacket) for Ymodem_SendPacket
    ymodem.o(i.Ymodem_Transmit) refers to ymodem.o(i.Cal_CRC16) for Cal_CRC16
    ymodem.o(i.Ymodem_Transmit) refers to ymodem.o(i.Send_Byte) for Send_Byte
    ymodem.o(i.Ymodem_Transmit) refers to ymodem.o(i.CalChecksum) for CalChecksum
    ymodem.o(i.Ymodem_Transmit) refers to ymodem.o(i.Receive_Byte) for Receive_Byte
    ymodem.o(i.Ymodem_Transmit) refers to ymodem.o(i.Ymodem_PreparePacket) for Ymodem_PreparePacket
    upload.o(i.Flash_Write) refers to stm32f10x_flash.o(i.FLASH_UnlockBank1) for FLASH_UnlockBank1
    upload.o(i.Flash_Write) refers to upload.o(i.Flash_Read) for Flash_Read
    upload.o(i.Flash_Write) refers to stm32f10x_flash.o(i.FLASH_ErasePage) for FLASH_ErasePage
    upload.o(i.Flash_Write) refers to upload.o(i.Flash_Write_Without_check) for Flash_Write_Without_check
    upload.o(i.Flash_Write) refers to stm32f10x_flash.o(i.FLASH_LockBank1) for FLASH_LockBank1
    upload.o(i.Flash_Write_Without_check) refers to stm32f10x_flash.o(i.FLASH_ProgramHalfWord) for FLASH_ProgramHalfWord
    upload.o(i.SerialUpload) refers to common.o(i.Serial_PutString) for Serial_PutString
    upload.o(i.SerialUpload) refers to common.o(i.GetKey) for GetKey
    upload.o(i.SerialUpload) refers to ymodem.o(i.Ymodem_Transmit) for Ymodem_Transmit
    stm32f10x_flash.o(i.FLASH_EnableWriteProtection) refers to stm32f10x_flash.o(i.FLASH_WaitForLastOperation) for FLASH_WaitForLastOperation
    stm32f10x_flash.o(i.FLASH_EraseAllBank1Pages) refers to stm32f10x_flash.o(i.FLASH_WaitForLastBank1Operation) for FLASH_WaitForLastBank1Operation
    stm32f10x_flash.o(i.FLASH_EraseAllPages) refers to stm32f10x_flash.o(i.FLASH_WaitForLastOperation) for FLASH_WaitForLastOperation
    stm32f10x_flash.o(i.FLASH_EraseOptionBytes) refers to stm32f10x_flash.o(i.FLASH_GetReadOutProtectionStatus) for FLASH_GetReadOutProtectionStatus
    stm32f10x_flash.o(i.FLASH_EraseOptionBytes) refers to stm32f10x_flash.o(i.FLASH_WaitForLastOperation) for FLASH_WaitForLastOperation
    stm32f10x_flash.o(i.FLASH_ErasePage) refers to stm32f10x_flash.o(i.FLASH_WaitForLastOperation) for FLASH_WaitForLastOperation
    stm32f10x_flash.o(i.FLASH_ProgramHalfWord) refers to stm32f10x_flash.o(i.FLASH_WaitForLastOperation) for FLASH_WaitForLastOperation
    stm32f10x_flash.o(i.FLASH_ProgramOptionByteData) refers to stm32f10x_flash.o(i.FLASH_WaitForLastOperation) for FLASH_WaitForLastOperation
    stm32f10x_flash.o(i.FLASH_ProgramWord) refers to stm32f10x_flash.o(i.FLASH_WaitForLastOperation) for FLASH_WaitForLastOperation
    stm32f10x_flash.o(i.FLASH_ReadOutProtection) refers to stm32f10x_flash.o(i.FLASH_WaitForLastOperation) for FLASH_WaitForLastOperation
    stm32f10x_flash.o(i.FLASH_UserOptionByteConfig) refers to stm32f10x_flash.o(i.FLASH_WaitForLastOperation) for FLASH_WaitForLastOperation
    stm32f10x_flash.o(i.FLASH_WaitForLastBank1Operation) refers to stm32f10x_flash.o(i.FLASH_GetBank1Status) for FLASH_GetBank1Status
    stm32f10x_flash.o(i.FLASH_WaitForLastOperation) refers to stm32f10x_flash.o(i.FLASH_GetBank1Status) for FLASH_GetBank1Status
    stm32f10x_gpio.o(i.GPIO_AFIODeInit) refers to stm32f10x_rcc.o(i.RCC_APB2PeriphResetCmd) for RCC_APB2PeriphResetCmd
    stm32f10x_gpio.o(i.GPIO_DeInit) refers to stm32f10x_rcc.o(i.RCC_APB2PeriphResetCmd) for RCC_APB2PeriphResetCmd
    stm32f10x_i2c.o(i.I2C_DeInit) refers to stm32f10x_rcc.o(i.RCC_APB1PeriphResetCmd) for RCC_APB1PeriphResetCmd
    stm32f10x_i2c.o(i.I2C_Init) refers to stm32f10x_rcc.o(i.RCC_GetClocksFreq) for RCC_GetClocksFreq
    stm32f10x_rcc.o(i.RCC_GetClocksFreq) refers to stm32f10x_rcc.o(.data) for APBAHBPrescTable
    stm32f10x_rcc.o(i.RCC_WaitForHSEStartUp) refers to stm32f10x_rcc.o(i.RCC_GetFlagStatus) for RCC_GetFlagStatus
    stm32f10x_spi.o(i.I2S_Init) refers to stm32f10x_rcc.o(i.RCC_GetClocksFreq) for RCC_GetClocksFreq
    stm32f10x_spi.o(i.SPI_I2S_DeInit) refers to stm32f10x_rcc.o(i.RCC_APB2PeriphResetCmd) for RCC_APB2PeriphResetCmd
    stm32f10x_spi.o(i.SPI_I2S_DeInit) refers to stm32f10x_rcc.o(i.RCC_APB1PeriphResetCmd) for RCC_APB1PeriphResetCmd
    stm32f10x_usart.o(i.USART_DeInit) refers to stm32f10x_rcc.o(i.RCC_APB2PeriphResetCmd) for RCC_APB2PeriphResetCmd
    stm32f10x_usart.o(i.USART_DeInit) refers to stm32f10x_rcc.o(i.RCC_APB1PeriphResetCmd) for RCC_APB1PeriphResetCmd
    stm32f10x_usart.o(i.USART_Init) refers to stm32f10x_rcc.o(i.RCC_GetClocksFreq) for RCC_GetClocksFreq
    system_stm32f10x.o(i.SetSysClock) refers to system_stm32f10x.o(i.SetSysClockTo72) for SetSysClockTo72
    system_stm32f10x.o(i.SystemCoreClockUpdate) refers to system_stm32f10x.o(.data) for SystemCoreClock
    system_stm32f10x.o(i.SystemInit) refers to system_stm32f10x.o(i.SetSysClock) for SetSysClock
    stm32_eval.o(i.LM75_LowLevel_DeInit) refers to stm32f10x_i2c.o(i.I2C_Cmd) for I2C_Cmd
    stm32_eval.o(i.LM75_LowLevel_DeInit) refers to stm32f10x_i2c.o(i.I2C_DeInit) for I2C_DeInit
    stm32_eval.o(i.LM75_LowLevel_DeInit) refers to stm32f10x_rcc.o(i.RCC_APB1PeriphClockCmd) for RCC_APB1PeriphClockCmd
    stm32_eval.o(i.LM75_LowLevel_DeInit) refers to stm32f10x_gpio.o(i.GPIO_Init) for GPIO_Init
    stm32_eval.o(i.LM75_LowLevel_Init) refers to stm32f10x_rcc.o(i.RCC_APB1PeriphClockCmd) for RCC_APB1PeriphClockCmd
    stm32_eval.o(i.LM75_LowLevel_Init) refers to stm32f10x_rcc.o(i.RCC_APB2PeriphClockCmd) for RCC_APB2PeriphClockCmd
    stm32_eval.o(i.LM75_LowLevel_Init) refers to stm32f10x_gpio.o(i.GPIO_Init) for GPIO_Init
    stm32_eval.o(i.SD_DMAEndOfTransferStatus) refers to stm32f10x_dma.o(i.DMA_GetFlagStatus) for DMA_GetFlagStatus
    stm32_eval.o(i.SD_LowLevel_DMA_RxConfig) refers to stm32f10x_dma.o(i.DMA_ClearFlag) for DMA_ClearFlag
    stm32_eval.o(i.SD_LowLevel_DMA_RxConfig) refers to stm32f10x_dma.o(i.DMA_Cmd) for DMA_Cmd
    stm32_eval.o(i.SD_LowLevel_DMA_RxConfig) refers to stm32f10x_dma.o(i.DMA_Init) for DMA_Init
    stm32_eval.o(i.SD_LowLevel_DMA_TxConfig) refers to stm32f10x_dma.o(i.DMA_ClearFlag) for DMA_ClearFlag
    stm32_eval.o(i.SD_LowLevel_DMA_TxConfig) refers to stm32f10x_dma.o(i.DMA_Cmd) for DMA_Cmd
    stm32_eval.o(i.SD_LowLevel_DMA_TxConfig) refers to stm32f10x_dma.o(i.DMA_Init) for DMA_Init
    stm32_eval.o(i.SD_LowLevel_DeInit) refers to stm32f10x_sdio.o(i.SDIO_ClockCmd) for SDIO_ClockCmd
    stm32_eval.o(i.SD_LowLevel_DeInit) refers to stm32f10x_sdio.o(i.SDIO_SetPowerState) for SDIO_SetPowerState
    stm32_eval.o(i.SD_LowLevel_DeInit) refers to stm32f10x_sdio.o(i.SDIO_DeInit) for SDIO_DeInit
    stm32_eval.o(i.SD_LowLevel_DeInit) refers to stm32f10x_rcc.o(i.RCC_AHBPeriphClockCmd) for RCC_AHBPeriphClockCmd
    stm32_eval.o(i.SD_LowLevel_DeInit) refers to stm32f10x_gpio.o(i.GPIO_Init) for GPIO_Init
    stm32_eval.o(i.SD_LowLevel_Init) refers to stm32f10x_rcc.o(i.RCC_APB2PeriphClockCmd) for RCC_APB2PeriphClockCmd
    stm32_eval.o(i.SD_LowLevel_Init) refers to stm32f10x_gpio.o(i.GPIO_Init) for GPIO_Init
    stm32_eval.o(i.SD_LowLevel_Init) refers to stm32f10x_rcc.o(i.RCC_AHBPeriphClockCmd) for RCC_AHBPeriphClockCmd
    stm32_eval.o(i.STM_EVAL_COMInit) refers to stm32f10x_rcc.o(i.RCC_APB2PeriphClockCmd) for RCC_APB2PeriphClockCmd
    stm32_eval.o(i.STM_EVAL_COMInit) refers to stm32f10x_rcc.o(i.RCC_APB1PeriphClockCmd) for RCC_APB1PeriphClockCmd
    stm32_eval.o(i.STM_EVAL_COMInit) refers to stm32f10x_gpio.o(i.GPIO_Init) for GPIO_Init
    stm32_eval.o(i.STM_EVAL_COMInit) refers to stm32f10x_usart.o(i.USART_Init) for USART_Init
    stm32_eval.o(i.STM_EVAL_COMInit) refers to stm32f10x_usart.o(i.USART_Cmd) for USART_Cmd
    stm32_eval.o(i.STM_EVAL_COMInit) refers to stm32_eval.o(.constdata) for COM_TX_PORT_CLK
    stm32_eval.o(i.STM_EVAL_COMInit) refers to stm32_eval.o(.data) for COM_TX_PORT
    stm32_eval.o(i.STM_EVAL_LEDInit) refers to stm32f10x_rcc.o(i.RCC_APB2PeriphClockCmd) for RCC_APB2PeriphClockCmd
    stm32_eval.o(i.STM_EVAL_LEDInit) refers to stm32f10x_gpio.o(i.GPIO_Init) for GPIO_Init
    stm32_eval.o(i.STM_EVAL_LEDInit) refers to stm32_eval.o(.constdata) for GPIO_CLK
    stm32_eval.o(i.STM_EVAL_LEDInit) refers to stm32_eval.o(.data) for GPIO_PORT
    stm32_eval.o(i.STM_EVAL_LEDOff) refers to stm32_eval.o(.constdata) for GPIO_PIN
    stm32_eval.o(i.STM_EVAL_LEDOff) refers to stm32_eval.o(.data) for GPIO_PORT
    stm32_eval.o(i.STM_EVAL_LEDOn) refers to stm32_eval.o(.constdata) for GPIO_PIN
    stm32_eval.o(i.STM_EVAL_LEDOn) refers to stm32_eval.o(.data) for GPIO_PORT
    stm32_eval.o(i.STM_EVAL_LEDToggle) refers to stm32_eval.o(.data) for GPIO_PORT
    stm32_eval.o(i.STM_EVAL_LEDToggle) refers to stm32_eval.o(.constdata) for GPIO_PIN
    stm32_eval.o(i.STM_EVAL_PBGetState) refers to stm32f10x_gpio.o(i.GPIO_ReadInputDataBit) for GPIO_ReadInputDataBit
    stm32_eval.o(i.STM_EVAL_PBGetState) refers to stm32_eval.o(.constdata) for BUTTON_PIN
    stm32_eval.o(i.STM_EVAL_PBGetState) refers to stm32_eval.o(.data) for BUTTON_PORT
    stm32_eval.o(i.STM_EVAL_PBInit) refers to stm32f10x_rcc.o(i.RCC_APB2PeriphClockCmd) for RCC_APB2PeriphClockCmd
    stm32_eval.o(i.STM_EVAL_PBInit) refers to stm32f10x_gpio.o(i.GPIO_Init) for GPIO_Init
    stm32_eval.o(i.STM_EVAL_PBInit) refers to stm32f10x_gpio.o(i.GPIO_EXTILineConfig) for GPIO_EXTILineConfig
    stm32_eval.o(i.STM_EVAL_PBInit) refers to stm32f10x_exti.o(i.EXTI_Init) for EXTI_Init
    stm32_eval.o(i.STM_EVAL_PBInit) refers to misc.o(i.NVIC_Init) for NVIC_Init
    stm32_eval.o(i.STM_EVAL_PBInit) refers to stm32_eval.o(.constdata) for BUTTON_CLK
    stm32_eval.o(i.STM_EVAL_PBInit) refers to stm32_eval.o(.data) for BUTTON_PORT
    stm32_eval.o(i.sFLASH_LowLevel_DeInit) refers to stm32f10x_spi.o(i.SPI_Cmd) for SPI_Cmd
    stm32_eval.o(i.sFLASH_LowLevel_DeInit) refers to stm32f10x_spi.o(i.SPI_I2S_DeInit) for SPI_I2S_DeInit
    stm32_eval.o(i.sFLASH_LowLevel_DeInit) refers to stm32f10x_rcc.o(i.RCC_APB2PeriphClockCmd) for RCC_APB2PeriphClockCmd
    stm32_eval.o(i.sFLASH_LowLevel_DeInit) refers to stm32f10x_gpio.o(i.GPIO_Init) for GPIO_Init
    stm32_eval.o(i.sFLASH_LowLevel_Init) refers to stm32f10x_rcc.o(i.RCC_APB2PeriphClockCmd) for RCC_APB2PeriphClockCmd
    stm32_eval.o(i.sFLASH_LowLevel_Init) refers to stm32f10x_gpio.o(i.GPIO_Init) for GPIO_Init
    startup_stm32f10x_hd_vl.o(RESET) refers to startup_stm32f10x_hd_vl.o(STACK) for __initial_sp
    startup_stm32f10x_hd_vl.o(RESET) refers to startup_stm32f10x_hd_vl.o(.text) for Reset_Handler
    startup_stm32f10x_hd_vl.o(RESET) refers to stm32f10x_it.o(i.NMI_Handler) for NMI_Handler
    startup_stm32f10x_hd_vl.o(RESET) refers to stm32f10x_it.o(i.HardFault_Handler) for HardFault_Handler
    startup_stm32f10x_hd_vl.o(RESET) refers to stm32f10x_it.o(i.MemManage_Handler) for MemManage_Handler
    startup_stm32f10x_hd_vl.o(RESET) refers to stm32f10x_it.o(i.BusFault_Handler) for BusFault_Handler
    startup_stm32f10x_hd_vl.o(RESET) refers to stm32f10x_it.o(i.UsageFault_Handler) for UsageFault_Handler
    startup_stm32f10x_hd_vl.o(RESET) refers to stm32f10x_it.o(i.SVC_Handler) for SVC_Handler
    startup_stm32f10x_hd_vl.o(RESET) refers to stm32f10x_it.o(i.DebugMon_Handler) for DebugMon_Handler
    startup_stm32f10x_hd_vl.o(RESET) refers to stm32f10x_it.o(i.PendSV_Handler) for PendSV_Handler
    startup_stm32f10x_hd_vl.o(RESET) refers to stm32f10x_it.o(i.SysTick_Handler) for SysTick_Handler
    startup_stm32f10x_hd_vl.o(.text) refers to system_stm32f10x.o(i.SystemInit) for SystemInit
    startup_stm32f10x_hd_vl.o(.text) refers to entry.o(.ARM.Collect$$$$00000000) for __main
    entry.o(.ARM.Collect$$$$00000000) refers (Special) to entry10a.o(.ARM.Collect$$$$0000000D) for __rt_final_cpp
    entry.o(.ARM.Collect$$$$00000000) refers (Special) to entry11a.o(.ARM.Collect$$$$0000000F) for __rt_final_exit
    entry.o(.ARM.Collect$$$$00000000) refers (Special) to entry7b.o(.ARM.Collect$$$$00000008) for _main_clock
    entry.o(.ARM.Collect$$$$00000000) refers (Special) to entry8b.o(.ARM.Collect$$$$0000000A) for _main_cpp_init
    entry.o(.ARM.Collect$$$$00000000) refers (Special) to entry9a.o(.ARM.Collect$$$$0000000B) for _main_init
    entry.o(.ARM.Collect$$$$00000000) refers (Special) to entry5.o(.ARM.Collect$$$$00000004) for _main_scatterload
    entry.o(.ARM.Collect$$$$00000000) refers (Special) to entry2.o(.ARM.Collect$$$$00000001) for _main_stk
    entry2.o(.ARM.Collect$$$$00000001) refers to entry2.o(.ARM.Collect$$$$00002712) for __lit__00000000
    entry2.o(.ARM.Collect$$$$00002712) refers to startup_stm32f10x_hd_vl.o(STACK) for __initial_sp
    entry2.o(__vectab_stack_and_reset_area) refers to startup_stm32f10x_hd_vl.o(STACK) for __initial_sp
    entry2.o(__vectab_stack_and_reset_area) refers to entry.o(.ARM.Collect$$$$00000000) for __main
    entry5.o(.ARM.Collect$$$$00000004) refers to init.o(.text) for __scatterload
    entry9a.o(.ARM.Collect$$$$0000000B) refers to main.o(i.main) for main
    entry9b.o(.ARM.Collect$$$$0000000C) refers to main.o(i.main) for main
    init.o(.text) refers to entry5.o(.ARM.Collect$$$$00000004) for __main_after_scatterload


==============================================================================

Removing Unused input sections from the image.

    Removing common.o(i.FLASH_DisableWriteProtectionPages), (320 bytes).
    Removing common.o(i.GetInputString), (132 bytes).
    Removing common.o(i.GetIntegerInput), (124 bytes).
    Removing common.o(i.GetKey), (28 bytes).
    Removing main.o(i.waitIAP), (2 bytes).
    Removing ymodem.o(i.CalChecksum), (24 bytes).
    Removing ymodem.o(i.Cal_CRC16), (52 bytes).
    Removing ymodem.o(i.UpdateCRC16), (50 bytes).
    Removing ymodem.o(i.Ymodem_CheckResponse), (6 bytes).
    Removing ymodem.o(i.Ymodem_PrepareIntialPacket), (114 bytes).
    Removing ymodem.o(i.Ymodem_PreparePacket), (140 bytes).
    Removing ymodem.o(i.Ymodem_SendPacket), (26 bytes).
    Removing ymodem.o(i.Ymodem_Transmit), (624 bytes).
    Removing upload.o(i.SerialUpload), (248 bytes).
    Removing stm32f10x_dma.o(i.DMA_ClearFlag), (28 bytes).
    Removing stm32f10x_dma.o(i.DMA_ClearITPendingBit), (28 bytes).
    Removing stm32f10x_dma.o(i.DMA_Cmd), (24 bytes).
    Removing stm32f10x_dma.o(i.DMA_DeInit), (332 bytes).
    Removing stm32f10x_dma.o(i.DMA_GetCurrDataCounter), (8 bytes).
    Removing stm32f10x_dma.o(i.DMA_GetFlagStatus), (44 bytes).
    Removing stm32f10x_dma.o(i.DMA_GetITStatus), (44 bytes).
    Removing stm32f10x_dma.o(i.DMA_ITConfig), (18 bytes).
    Removing stm32f10x_dma.o(i.DMA_Init), (60 bytes).
    Removing stm32f10x_dma.o(i.DMA_SetCurrDataCounter), (4 bytes).
    Removing stm32f10x_dma.o(i.DMA_StructInit), (26 bytes).
    Removing stm32f10x_exti.o(i.EXTI_ClearFlag), (12 bytes).
    Removing stm32f10x_exti.o(i.EXTI_ClearITPendingBit), (12 bytes).
    Removing stm32f10x_exti.o(i.EXTI_DeInit), (36 bytes).
    Removing stm32f10x_exti.o(i.EXTI_GenerateSWInterrupt), (16 bytes).
    Removing stm32f10x_exti.o(i.EXTI_GetFlagStatus), (24 bytes).
    Removing stm32f10x_exti.o(i.EXTI_GetITStatus), (40 bytes).
    Removing stm32f10x_exti.o(i.EXTI_Init), (148 bytes).
    Removing stm32f10x_exti.o(i.EXTI_StructInit), (16 bytes).
    Removing stm32f10x_flash.o(i.FLASH_ClearFlag), (12 bytes).
    Removing stm32f10x_flash.o(i.FLASH_EnableWriteProtection), (196 bytes).
    Removing stm32f10x_flash.o(i.FLASH_EraseAllBank1Pages), (72 bytes).
    Removing stm32f10x_flash.o(i.FLASH_EraseAllPages), (72 bytes).
    Removing stm32f10x_flash.o(i.FLASH_EraseOptionBytes), (168 bytes).
    Removing stm32f10x_flash.o(i.FLASH_GetFlagStatus), (48 bytes).
    Removing stm32f10x_flash.o(i.FLASH_GetPrefetchBufferStatus), (24 bytes).
    Removing stm32f10x_flash.o(i.FLASH_GetReadOutProtectionStatus), (24 bytes).
    Removing stm32f10x_flash.o(i.FLASH_GetStatus), (52 bytes).
    Removing stm32f10x_flash.o(i.FLASH_GetUserOptionByte), (12 bytes).
    Removing stm32f10x_flash.o(i.FLASH_HalfCycleAccessCmd), (28 bytes).
    Removing stm32f10x_flash.o(i.FLASH_ITConfig), (32 bytes).
    Removing stm32f10x_flash.o(i.FLASH_Lock), (20 bytes).
    Removing stm32f10x_flash.o(i.FLASH_PrefetchBufferCmd), (28 bytes).
    Removing stm32f10x_flash.o(i.FLASH_ProgramOptionByteData), (84 bytes).
    Removing stm32f10x_flash.o(i.FLASH_ReadOutProtection), (172 bytes).
    Removing stm32f10x_flash.o(i.FLASH_SetLatency), (24 bytes).
    Removing stm32f10x_flash.o(i.FLASH_UserOptionByteConfig), (104 bytes).
    Removing stm32f10x_flash.o(i.FLASH_WaitForLastBank1Operation), (38 bytes).
    Removing stm32f10x_gpio.o(i.GPIO_AFIODeInit), (20 bytes).
    Removing stm32f10x_gpio.o(i.GPIO_DeInit), (200 bytes).
    Removing stm32f10x_gpio.o(i.GPIO_ETH_MediaInterfaceConfig), (12 bytes).
    Removing stm32f10x_gpio.o(i.GPIO_EXTILineConfig), (64 bytes).
    Removing stm32f10x_gpio.o(i.GPIO_EventOutputCmd), (12 bytes).
    Removing stm32f10x_gpio.o(i.GPIO_EventOutputConfig), (32 bytes).
    Removing stm32f10x_gpio.o(i.GPIO_PinLockConfig), (18 bytes).
    Removing stm32f10x_gpio.o(i.GPIO_PinRemapConfig), (144 bytes).
    Removing stm32f10x_gpio.o(i.GPIO_ReadInputData), (8 bytes).
    Removing stm32f10x_gpio.o(i.GPIO_ReadInputDataBit), (18 bytes).
    Removing stm32f10x_gpio.o(i.GPIO_ReadOutputData), (8 bytes).
    Removing stm32f10x_gpio.o(i.GPIO_ReadOutputDataBit), (18 bytes).
    Removing stm32f10x_gpio.o(i.GPIO_ResetBits), (4 bytes).
    Removing stm32f10x_gpio.o(i.GPIO_SetBits), (4 bytes).
    Removing stm32f10x_gpio.o(i.GPIO_StructInit), (16 bytes).
    Removing stm32f10x_gpio.o(i.GPIO_Write), (4 bytes).
    Removing stm32f10x_gpio.o(i.GPIO_WriteBit), (10 bytes).
    Removing stm32f10x_i2c.o(i.I2C_ARPCmd), (24 bytes).
    Removing stm32f10x_i2c.o(i.I2C_AcknowledgeConfig), (24 bytes).
    Removing stm32f10x_i2c.o(i.I2C_CalculatePEC), (24 bytes).
    Removing stm32f10x_i2c.o(i.I2C_CheckEvent), (42 bytes).
    Removing stm32f10x_i2c.o(i.I2C_ClearFlag), (12 bytes).
    Removing stm32f10x_i2c.o(i.I2C_ClearITPendingBit), (12 bytes).
    Removing stm32f10x_i2c.o(i.I2C_Cmd), (24 bytes).
    Removing stm32f10x_i2c.o(i.I2C_DMACmd), (24 bytes).
    Removing stm32f10x_i2c.o(i.I2C_DMALastTransferCmd), (24 bytes).
    Removing stm32f10x_i2c.o(i.I2C_DeInit), (56 bytes).
    Removing stm32f10x_i2c.o(i.I2C_DualAddressCmd), (24 bytes).
    Removing stm32f10x_i2c.o(i.I2C_FastModeDutyCycleConfig), (28 bytes).
    Removing stm32f10x_i2c.o(i.I2C_GeneralCallCmd), (24 bytes).
    Removing stm32f10x_i2c.o(i.I2C_GenerateSTART), (24 bytes).
    Removing stm32f10x_i2c.o(i.I2C_GenerateSTOP), (24 bytes).
    Removing stm32f10x_i2c.o(i.I2C_GetFlagStatus), (58 bytes).
    Removing stm32f10x_i2c.o(i.I2C_GetITStatus), (38 bytes).
    Removing stm32f10x_i2c.o(i.I2C_GetLastEvent), (26 bytes).
    Removing stm32f10x_i2c.o(i.I2C_GetPEC), (8 bytes).
    Removing stm32f10x_i2c.o(i.I2C_ITConfig), (18 bytes).
    Removing stm32f10x_i2c.o(i.I2C_Init), (236 bytes).
    Removing stm32f10x_i2c.o(i.I2C_OwnAddress2Config), (22 bytes).
    Removing stm32f10x_i2c.o(i.I2C_PECPositionConfig), (28 bytes).
    Removing stm32f10x_i2c.o(i.I2C_ReadRegister), (22 bytes).
    Removing stm32f10x_i2c.o(i.I2C_ReceiveData), (8 bytes).
    Removing stm32f10x_i2c.o(i.I2C_SMBusAlertConfig), (28 bytes).
    Removing stm32f10x_i2c.o(i.I2C_Send7bitAddress), (18 bytes).
    Removing stm32f10x_i2c.o(i.I2C_SendData), (4 bytes).
    Removing stm32f10x_i2c.o(i.I2C_SoftwareResetCmd), (22 bytes).
    Removing stm32f10x_i2c.o(i.I2C_StretchClockCmd), (24 bytes).
    Removing stm32f10x_i2c.o(i.I2C_StructInit), (30 bytes).
    Removing stm32f10x_i2c.o(i.I2C_TransmitPEC), (24 bytes).
    Removing stm32f10x_rcc.o(i.RCC_ADCCLKConfig), (24 bytes).
    Removing stm32f10x_rcc.o(i.RCC_AHBPeriphClockCmd), (32 bytes).
    Removing stm32f10x_rcc.o(i.RCC_APB1PeriphResetCmd), (32 bytes).
    Removing stm32f10x_rcc.o(i.RCC_APB2PeriphResetCmd), (32 bytes).
    Removing stm32f10x_rcc.o(i.RCC_AdjustHSICalibrationValue), (24 bytes).
    Removing stm32f10x_rcc.o(i.RCC_BackupResetCmd), (12 bytes).
    Removing stm32f10x_rcc.o(i.RCC_ClearFlag), (20 bytes).
    Removing stm32f10x_rcc.o(i.RCC_ClearITPendingBit), (12 bytes).
    Removing stm32f10x_rcc.o(i.RCC_ClockSecuritySystemCmd), (12 bytes).
    Removing stm32f10x_rcc.o(i.RCC_DeInit), (76 bytes).
    Removing stm32f10x_rcc.o(i.RCC_GetFlagStatus), (60 bytes).
    Removing stm32f10x_rcc.o(i.RCC_GetITStatus), (24 bytes).
    Removing stm32f10x_rcc.o(i.RCC_GetSYSCLKSource), (16 bytes).
    Removing stm32f10x_rcc.o(i.RCC_HCLKConfig), (24 bytes).
    Removing stm32f10x_rcc.o(i.RCC_HSEConfig), (76 bytes).
    Removing stm32f10x_rcc.o(i.RCC_HSICmd), (12 bytes).
    Removing stm32f10x_rcc.o(i.RCC_ITConfig), (32 bytes).
    Removing stm32f10x_rcc.o(i.RCC_LSEConfig), (52 bytes).
    Removing stm32f10x_rcc.o(i.RCC_LSICmd), (12 bytes).
    Removing stm32f10x_rcc.o(i.RCC_MCOConfig), (12 bytes).
    Removing stm32f10x_rcc.o(i.RCC_PCLK1Config), (24 bytes).
    Removing stm32f10x_rcc.o(i.RCC_PCLK2Config), (24 bytes).
    Removing stm32f10x_rcc.o(i.RCC_PLLCmd), (12 bytes).
    Removing stm32f10x_rcc.o(i.RCC_PLLConfig), (28 bytes).
    Removing stm32f10x_rcc.o(i.RCC_RTCCLKCmd), (12 bytes).
    Removing stm32f10x_rcc.o(i.RCC_RTCCLKConfig), (16 bytes).
    Removing stm32f10x_rcc.o(i.RCC_SYSCLKConfig), (24 bytes).
    Removing stm32f10x_rcc.o(i.RCC_USBCLKConfig), (12 bytes).
    Removing stm32f10x_rcc.o(i.RCC_WaitForHSEStartUp), (56 bytes).
    Removing stm32f10x_sdio.o(i.SDIO_CEATAITCmd), (16 bytes).
    Removing stm32f10x_sdio.o(i.SDIO_ClearFlag), (12 bytes).
    Removing stm32f10x_sdio.o(i.SDIO_ClearITPendingBit), (12 bytes).
    Removing stm32f10x_sdio.o(i.SDIO_ClockCmd), (12 bytes).
    Removing stm32f10x_sdio.o(i.SDIO_CmdStructInit), (14 bytes).
    Removing stm32f10x_sdio.o(i.SDIO_CommandCompletionCmd), (12 bytes).
    Removing stm32f10x_sdio.o(i.SDIO_DMACmd), (12 bytes).
    Removing stm32f10x_sdio.o(i.SDIO_DataConfig), (48 bytes).
    Removing stm32f10x_sdio.o(i.SDIO_DataStructInit), (20 bytes).
    Removing stm32f10x_sdio.o(i.SDIO_DeInit), (36 bytes).
    Removing stm32f10x_sdio.o(i.SDIO_GetCommandResponse), (12 bytes).
    Removing stm32f10x_sdio.o(i.SDIO_GetDataCounter), (12 bytes).
    Removing stm32f10x_sdio.o(i.SDIO_GetFIFOCount), (12 bytes).
    Removing stm32f10x_sdio.o(i.SDIO_GetFlagStatus), (24 bytes).
    Removing stm32f10x_sdio.o(i.SDIO_GetITStatus), (24 bytes).
    Removing stm32f10x_sdio.o(i.SDIO_GetPowerState), (16 bytes).
    Removing stm32f10x_sdio.o(i.SDIO_GetResponse), (24 bytes).
    Removing stm32f10x_sdio.o(i.SDIO_ITConfig), (32 bytes).
    Removing stm32f10x_sdio.o(i.SDIO_Init), (48 bytes).
    Removing stm32f10x_sdio.o(i.SDIO_ReadData), (12 bytes).
    Removing stm32f10x_sdio.o(i.SDIO_SendCEATACmd), (12 bytes).
    Removing stm32f10x_sdio.o(i.SDIO_SendCommand), (44 bytes).
    Removing stm32f10x_sdio.o(i.SDIO_SendSDIOSuspendCmd), (12 bytes).
    Removing stm32f10x_sdio.o(i.SDIO_SetPowerState), (28 bytes).
    Removing stm32f10x_sdio.o(i.SDIO_SetSDIOOperation), (12 bytes).
    Removing stm32f10x_sdio.o(i.SDIO_SetSDIOReadWaitMode), (12 bytes).
    Removing stm32f10x_sdio.o(i.SDIO_StartSDIOReadWait), (12 bytes).
    Removing stm32f10x_sdio.o(i.SDIO_StopSDIOReadWait), (12 bytes).
    Removing stm32f10x_sdio.o(i.SDIO_StructInit), (16 bytes).
    Removing stm32f10x_sdio.o(i.SDIO_WriteData), (12 bytes).
    Removing stm32f10x_spi.o(i.I2S_Cmd), (24 bytes).
    Removing stm32f10x_spi.o(i.I2S_Init), (232 bytes).
    Removing stm32f10x_spi.o(i.I2S_StructInit), (20 bytes).
    Removing stm32f10x_spi.o(i.SPI_BiDirectionalLineConfig), (28 bytes).
    Removing stm32f10x_spi.o(i.SPI_CalculateCRC), (24 bytes).
    Removing stm32f10x_spi.o(i.SPI_Cmd), (24 bytes).
    Removing stm32f10x_spi.o(i.SPI_DataSizeConfig), (18 bytes).
    Removing stm32f10x_spi.o(i.SPI_GetCRC), (16 bytes).
    Removing stm32f10x_spi.o(i.SPI_GetCRCPolynomial), (6 bytes).
    Removing stm32f10x_spi.o(i.SPI_I2S_ClearFlag), (6 bytes).
    Removing stm32f10x_spi.o(i.SPI_I2S_ClearITPendingBit), (20 bytes).
    Removing stm32f10x_spi.o(i.SPI_I2S_DMACmd), (18 bytes).
    Removing stm32f10x_spi.o(i.SPI_I2S_DeInit), (88 bytes).
    Removing stm32f10x_spi.o(i.SPI_I2S_GetFlagStatus), (18 bytes).
    Removing stm32f10x_spi.o(i.SPI_I2S_GetITStatus), (52 bytes).
    Removing stm32f10x_spi.o(i.SPI_I2S_ITConfig), (32 bytes).
    Removing stm32f10x_spi.o(i.SPI_I2S_ReceiveData), (6 bytes).
    Removing stm32f10x_spi.o(i.SPI_I2S_SendData), (4 bytes).
    Removing stm32f10x_spi.o(i.SPI_Init), (60 bytes).
    Removing stm32f10x_spi.o(i.SPI_NSSInternalSoftwareConfig), (30 bytes).
    Removing stm32f10x_spi.o(i.SPI_SSOutputCmd), (24 bytes).
    Removing stm32f10x_spi.o(i.SPI_StructInit), (24 bytes).
    Removing stm32f10x_spi.o(i.SPI_TransmitCRC), (10 bytes).
    Removing stm32f10x_usart.o(i.USART_ClearFlag), (18 bytes).
    Removing stm32f10x_usart.o(i.USART_ClearITPendingBit), (30 bytes).
    Removing stm32f10x_usart.o(i.USART_ClockInit), (34 bytes).
    Removing stm32f10x_usart.o(i.USART_ClockStructInit), (12 bytes).
    Removing stm32f10x_usart.o(i.USART_DMACmd), (18 bytes).
    Removing stm32f10x_usart.o(i.USART_DeInit), (156 bytes).
    Removing stm32f10x_usart.o(i.USART_GetITStatus), (84 bytes).
    Removing stm32f10x_usart.o(i.USART_HalfDuplexCmd), (24 bytes).
    Removing stm32f10x_usart.o(i.USART_ITConfig), (74 bytes).
    Removing stm32f10x_usart.o(i.USART_IrDACmd), (24 bytes).
    Removing stm32f10x_usart.o(i.USART_IrDAConfig), (18 bytes).
    Removing stm32f10x_usart.o(i.USART_LINBreakDetectLengthConfig), (18 bytes).
    Removing stm32f10x_usart.o(i.USART_LINCmd), (24 bytes).
    Removing stm32f10x_usart.o(i.USART_OneBitMethodCmd), (24 bytes).
    Removing stm32f10x_usart.o(i.USART_OverSampling8Cmd), (22 bytes).
    Removing stm32f10x_usart.o(i.USART_ReceiveData), (10 bytes).
    Removing stm32f10x_usart.o(i.USART_ReceiverWakeUpCmd), (24 bytes).
    Removing stm32f10x_usart.o(i.USART_SendBreak), (10 bytes).
    Removing stm32f10x_usart.o(i.USART_SetAddress), (18 bytes).
    Removing stm32f10x_usart.o(i.USART_SetGuardTime), (16 bytes).
    Removing stm32f10x_usart.o(i.USART_SetPrescaler), (16 bytes).
    Removing stm32f10x_usart.o(i.USART_SmartCardCmd), (24 bytes).
    Removing stm32f10x_usart.o(i.USART_SmartCardNACKCmd), (24 bytes).
    Removing stm32f10x_usart.o(i.USART_StructInit), (24 bytes).
    Removing stm32f10x_usart.o(i.USART_WakeUpConfig), (18 bytes).
    Removing misc.o(i.NVIC_Init), (112 bytes).
    Removing misc.o(i.NVIC_PriorityGroupConfig), (20 bytes).
    Removing misc.o(i.NVIC_SetVectorTable), (20 bytes).
    Removing misc.o(i.NVIC_SystemLPConfig), (32 bytes).
    Removing misc.o(i.SysTick_CLKSourceConfig), (40 bytes).
    Removing system_stm32f10x.o(i.SystemCoreClockUpdate), (164 bytes).
    Removing system_stm32f10x.o(.data), (20 bytes).
    Removing stm32_eval.o(i.LM75_LowLevel_DeInit), (84 bytes).
    Removing stm32_eval.o(i.LM75_LowLevel_Init), (84 bytes).
    Removing stm32_eval.o(i.SD_DMAEndOfTransferStatus), (16 bytes).
    Removing stm32_eval.o(i.SD_LowLevel_DMA_RxConfig), (100 bytes).
    Removing stm32_eval.o(i.SD_LowLevel_DMA_TxConfig), (100 bytes).
    Removing stm32_eval.o(i.SD_LowLevel_DeInit), (76 bytes).
    Removing stm32_eval.o(i.SD_LowLevel_Init), (104 bytes).
    Removing stm32_eval.o(i.STM_EVAL_LEDInit), (64 bytes).
    Removing stm32_eval.o(i.STM_EVAL_LEDOff), (24 bytes).
    Removing stm32_eval.o(i.STM_EVAL_LEDOn), (24 bytes).
    Removing stm32_eval.o(i.STM_EVAL_LEDToggle), (36 bytes).
    Removing stm32_eval.o(i.STM_EVAL_PBGetState), (32 bytes).
    Removing stm32_eval.o(i.STM_EVAL_PBInit), (176 bytes).
    Removing stm32_eval.o(i.sFLASH_LowLevel_DeInit), (104 bytes).
    Removing stm32_eval.o(i.sFLASH_LowLevel_Init), (108 bytes).
    Removing startup_stm32f10x_hd_vl.o(HEAP), (512 bytes).

231 unused section(s) (total 10602 bytes) removed from the image.

==============================================================================

Image Symbol Table

    Local Symbols

    Symbol Name                              Value     Ov Type        Size  Object(Section)

    ../clib/microlib/init/entry.s            0x00000000   Number         0  entry2.o ABSOLUTE
    ../clib/microlib/init/entry.s            0x00000000   Number         0  entry10a.o ABSOLUTE
    ../clib/microlib/init/entry.s            0x00000000   Number         0  entry9a.o ABSOLUTE
    ../clib/microlib/init/entry.s            0x00000000   Number         0  entry8b.o ABSOLUTE
    ../clib/microlib/init/entry.s            0x00000000   Number         0  entry8a.o ABSOLUTE
    ../clib/microlib/init/entry.s            0x00000000   Number         0  entry7b.o ABSOLUTE
    ../clib/microlib/init/entry.s            0x00000000   Number         0  entry7a.o ABSOLUTE
    ../clib/microlib/init/entry.s            0x00000000   Number         0  entry5.o ABSOLUTE
    ../clib/microlib/init/entry.s            0x00000000   Number         0  entry11b.o ABSOLUTE
    ../clib/microlib/init/entry.s            0x00000000   Number         0  entry11a.o ABSOLUTE
    ../clib/microlib/init/entry.s            0x00000000   Number         0  entry10b.o ABSOLUTE
    ../clib/microlib/init/entry.s            0x00000000   Number         0  entry9b.o ABSOLUTE
    ../clib/microlib/init/entry.s            0x00000000   Number         0  entry.o ABSOLUTE
    ../clib/microlib/string/memcpy.c         0x00000000   Number         0  memcpyb.o ABSOLUTE
    ../clib/microlib/string/memcpy.c         0x00000000   Number         0  memcpya.o ABSOLUTE
    ..\..\..\Libraries\CMSIS\CM3\CoreSupport\core_cm3.c 0x00000000   Number         0  core_cm3.o ABSOLUTE
    ..\..\..\Libraries\STM32F10x_StdPeriph_Driver\src\misc.c 0x00000000   Number         0  misc.o ABSOLUTE
    ..\..\..\Libraries\STM32F10x_StdPeriph_Driver\src\stm32f10x_dma.c 0x00000000   Number         0  stm32f10x_dma.o ABSOLUTE
    ..\..\..\Libraries\STM32F10x_StdPeriph_Driver\src\stm32f10x_exti.c 0x00000000   Number         0  stm32f10x_exti.o ABSOLUTE
    ..\..\..\Libraries\STM32F10x_StdPeriph_Driver\src\stm32f10x_flash.c 0x00000000   Number         0  stm32f10x_flash.o ABSOLUTE
    ..\..\..\Libraries\STM32F10x_StdPeriph_Driver\src\stm32f10x_gpio.c 0x00000000   Number         0  stm32f10x_gpio.o ABSOLUTE
    ..\..\..\Libraries\STM32F10x_StdPeriph_Driver\src\stm32f10x_i2c.c 0x00000000   Number         0  stm32f10x_i2c.o ABSOLUTE
    ..\..\..\Libraries\STM32F10x_StdPeriph_Driver\src\stm32f10x_rcc.c 0x00000000   Number         0  stm32f10x_rcc.o ABSOLUTE
    ..\..\..\Libraries\STM32F10x_StdPeriph_Driver\src\stm32f10x_sdio.c 0x00000000   Number         0  stm32f10x_sdio.o ABSOLUTE
    ..\..\..\Libraries\STM32F10x_StdPeriph_Driver\src\stm32f10x_spi.c 0x00000000   Number         0  stm32f10x_spi.o ABSOLUTE
    ..\..\..\Libraries\STM32F10x_StdPeriph_Driver\src\stm32f10x_usart.c 0x00000000   Number         0  stm32f10x_usart.o ABSOLUTE
    ..\..\..\Utilities\STM32_EVAL\stm32_eval.c 0x00000000   Number         0  stm32_eval.o ABSOLUTE
    ..\\..\\..\\Libraries\\CMSIS\\CM3\\CoreSupport\\core_cm3.c 0x00000000   Number         0  core_cm3.o ABSOLUTE
    ..\src\common.c                          0x00000000   Number         0  common.o ABSOLUTE
    ..\src\download.c                        0x00000000   Number         0  download.o ABSOLUTE
    ..\src\main.c                            0x00000000   Number         0  main.o ABSOLUTE
    ..\src\stm32f10x_it.c                    0x00000000   Number         0  stm32f10x_it.o ABSOLUTE
    ..\src\system_stm32f10x.c                0x00000000   Number         0  system_stm32f10x.o ABSOLUTE
    ..\src\upload.c                          0x00000000   Number         0  upload.o ABSOLUTE
    ..\src\ymodem.c                          0x00000000   Number         0  ymodem.o ABSOLUTE
    dc.s                                     0x00000000   Number         0  dc.o ABSOLUTE
    handlers.s                               0x00000000   Number         0  handlers.o ABSOLUTE
    init.s                                   0x00000000   Number         0  init.o ABSOLUTE
    startup_stm32f10x_hd_vl.s                0x00000000   Number         0  startup_stm32f10x_hd_vl.o ABSOLUTE
    RESET                                    0x08000000   Section      308  startup_stm32f10x_hd_vl.o(RESET)
    .ARM.Collect$$$$00000000                 0x08000134   Section        0  entry.o(.ARM.Collect$$$$00000000)
    .ARM.Collect$$$$00000001                 0x08000134   Section        4  entry2.o(.ARM.Collect$$$$00000001)
    .ARM.Collect$$$$00000004                 0x08000138   Section        4  entry5.o(.ARM.Collect$$$$00000004)
    .ARM.Collect$$$$00000008                 0x0800013c   Section        0  entry7b.o(.ARM.Collect$$$$00000008)
    .ARM.Collect$$$$0000000A                 0x0800013c   Section        0  entry8b.o(.ARM.Collect$$$$0000000A)
    .ARM.Collect$$$$0000000B                 0x0800013c   Section        8  entry9a.o(.ARM.Collect$$$$0000000B)
    .ARM.Collect$$$$0000000D                 0x08000144   Section        0  entry10a.o(.ARM.Collect$$$$0000000D)
    .ARM.Collect$$$$0000000F                 0x08000144   Section        0  entry11a.o(.ARM.Collect$$$$0000000F)
    .ARM.Collect$$$$00002712                 0x08000144   Section        4  entry2.o(.ARM.Collect$$$$00002712)
    __lit__00000000                          0x08000144   Data           4  entry2.o(.ARM.Collect$$$$00002712)
    .emb_text                                0x08000148   Section       32  core_cm3.o(.emb_text)
    .text                                    0x08000168   Section       36  startup_stm32f10x_hd_vl.o(.text)
    .text                                    0x0800018c   Section        0  memcpya.o(.text)
    .text                                    0x080001b0   Section       36  init.o(.text)
    i.BusFault_Handler                       0x080001d4   Section        0  stm32f10x_it.o(i.BusFault_Handler)
    i.DebugMon_Handler                       0x080001d8   Section        0  stm32f10x_it.o(i.DebugMon_Handler)
    i.FLASH_ErasePage                        0x080001dc   Section        0  stm32f10x_flash.o(i.FLASH_ErasePage)
    i.FLASH_GetBank1Status                   0x08000228   Section        0  stm32f10x_flash.o(i.FLASH_GetBank1Status)
    i.FLASH_GetWriteProtectionOptionByte     0x0800025c   Section        0  stm32f10x_flash.o(i.FLASH_GetWriteProtectionOptionByte)
    i.FLASH_LockBank1                        0x08000268   Section        0  stm32f10x_flash.o(i.FLASH_LockBank1)
    i.FLASH_PagesMask                        0x0800027c   Section        0  common.o(i.FLASH_PagesMask)
    i.FLASH_ProgramHalfWord                  0x08000294   Section        0  stm32f10x_flash.o(i.FLASH_ProgramHalfWord)
    i.FLASH_ProgramWord                      0x080002d4   Section        0  stm32f10x_flash.o(i.FLASH_ProgramWord)
    i.FLASH_Unlock                           0x08000340   Section        0  stm32f10x_flash.o(i.FLASH_Unlock)
    i.FLASH_UnlockBank1                      0x08000358   Section        0  stm32f10x_flash.o(i.FLASH_UnlockBank1)
    i.FLASH_WaitForLastOperation             0x08000370   Section        0  stm32f10x_flash.o(i.FLASH_WaitForLastOperation)
    i.Flash_Read                             0x08000396   Section        0  upload.o(i.Flash_Read)
    i.Flash_Write                            0x080003ac   Section        0  upload.o(i.Flash_Write)
    i.Flash_Write_Without_check              0x08000488   Section        0  upload.o(i.Flash_Write_Without_check)
    i.GPIO_Init                              0x080004ba   Section        0  stm32f10x_gpio.o(i.GPIO_Init)
    i.HardFault_Handler                      0x080005d0   Section        0  stm32f10x_it.o(i.HardFault_Handler)
    i.IAP_Init                               0x080005d4   Section        0  main.o(i.IAP_Init)
    IAP_Init                                 0x080005d5   Thumb Code    42  main.o(i.IAP_Init)
    i.Int2Str                                0x08000600   Section        0  common.o(i.Int2Str)
    i.Main_Menu                              0x08000658   Section        0  common.o(i.Main_Menu)
    i.MemManage_Handler                      0x080006f0   Section        0  stm32f10x_it.o(i.MemManage_Handler)
    i.NMI_Handler                            0x080006f4   Section        0  stm32f10x_it.o(i.NMI_Handler)
    i.PendSV_Handler                         0x080006f6   Section        0  stm32f10x_it.o(i.PendSV_Handler)
    i.RCC_APB1PeriphClockCmd                 0x080006f8   Section        0  stm32f10x_rcc.o(i.RCC_APB1PeriphClockCmd)
    i.RCC_APB2PeriphClockCmd                 0x08000718   Section        0  stm32f10x_rcc.o(i.RCC_APB2PeriphClockCmd)
    i.RCC_GetClocksFreq                      0x08000738   Section        0  stm32f10x_rcc.o(i.RCC_GetClocksFreq)
    i.Receive_Byte                           0x0800080c   Section        0  ymodem.o(i.Receive_Byte)
    i.Receive_Packet                         0x0800082e   Section        0  ymodem.o(i.Receive_Packet)
    Receive_Packet                           0x0800082f   Thumb Code   188  ymodem.o(i.Receive_Packet)
    i.STM_EVAL_COMInit                       0x080008ec   Section        0  stm32_eval.o(i.STM_EVAL_COMInit)
    i.SVC_Handler                            0x080009a0   Section        0  stm32f10x_it.o(i.SVC_Handler)
    i.Send_Byte                              0x080009a2   Section        0  ymodem.o(i.Send_Byte)
    Send_Byte                                0x080009a3   Thumb Code    14  ymodem.o(i.Send_Byte)
    i.SerialDownload                         0x080009b0   Section        0  download.o(i.SerialDownload)
    i.SerialKeyPressed                       0x08000b44   Section        0  common.o(i.SerialKeyPressed)
    i.SerialPutChar                          0x08000b68   Section        0  common.o(i.SerialPutChar)
    i.Serial_PutString                       0x08000b88   Section        0  common.o(i.Serial_PutString)
    i.SetSysClock                            0x08000b9e   Section        0  system_stm32f10x.o(i.SetSysClock)
    SetSysClock                              0x08000b9f   Thumb Code     8  system_stm32f10x.o(i.SetSysClock)
    i.SetSysClockTo72                        0x08000ba8   Section        0  system_stm32f10x.o(i.SetSysClockTo72)
    SetSysClockTo72                          0x08000ba9   Thumb Code   214  system_stm32f10x.o(i.SetSysClockTo72)
    i.Str2Int                                0x08000c88   Section        0  common.o(i.Str2Int)
    i.SysTick_Handler                        0x08000d8c   Section        0  stm32f10x_it.o(i.SysTick_Handler)
    i.SystemInit                             0x08000d90   Section        0  system_stm32f10x.o(i.SystemInit)
    i.USART_Cmd                              0x08000df0   Section        0  stm32f10x_usart.o(i.USART_Cmd)
    i.USART_GetFlagStatus                    0x08000e08   Section        0  stm32f10x_usart.o(i.USART_GetFlagStatus)
    i.USART_Init                             0x08000e24   Section        0  stm32f10x_usart.o(i.USART_Init)
    i.USART_SendData                         0x08000efc   Section        0  stm32f10x_usart.o(i.USART_SendData)
    i.UsageFault_Handler                     0x08000f04   Section        0  stm32f10x_it.o(i.UsageFault_Handler)
    i.Ymodem_Receive                         0x08000f08   Section        0  ymodem.o(i.Ymodem_Receive)
    i.__scatterload_copy                     0x08001164   Section       14  handlers.o(i.__scatterload_copy)
    i.__scatterload_null                     0x08001172   Section        2  handlers.o(i.__scatterload_null)
    i.__scatterload_zeroinit                 0x08001174   Section       14  handlers.o(i.__scatterload_zeroinit)
    i.main                                   0x08001184   Section        0  main.o(i.main)
    .constdata                               0x08001240   Section      168  stm32_eval.o(.constdata)
    .conststring                             0x080012e8   Section      301  common.o(.conststring)
    .conststring                             0x08001418   Section       83  download.o(.conststring)
    .data                                    0x20000000   Section       20  common.o(.data)
    .data                                    0x20000014   Section       24  ymodem.o(.data)
    .data                                    0x2000002c   Section       20  stm32f10x_rcc.o(.data)
    APBAHBPrescTable                         0x2000002c   Data          16  stm32f10x_rcc.o(.data)
    ADCPrescTable                            0x2000003c   Data           4  stm32f10x_rcc.o(.data)
    .data                                    0x20000040   Section       72  stm32_eval.o(.data)
    .bss                                     0x20000088   Section     1024  download.o(.bss)
    .bss                                     0x20000488   Section      256  ymodem.o(.bss)
    STACK                                    0x20000588   Section     2048  startup_stm32f10x_hd_vl.o(STACK)

    Global Symbols

    Symbol Name                              Value     Ov Type        Size  Object(Section)

    BuildAttributes$$THM_ISAv4$P$D$K$B$S$PE$A:L22UL41UL21$X:L11$S22US41US21$IEEE1$IW$USESV6$~STKCKD$USESV7$~SHL$OSPACE$EBA8$MICROLIB$REQ8$PRES8$EABIv2 0x00000000   Number         0  anon$$obj.o ABSOLUTE
    __ARM_use_no_argv                        0x00000000   Number         0  main.o ABSOLUTE
    __cpp_initialize__aeabi_                  - Undefined Weak Reference
    __cxa_finalize                            - Undefined Weak Reference
    __decompress                              - Undefined Weak Reference
    _clock_init                               - Undefined Weak Reference
    _microlib_exit                            - Undefined Weak Reference
    __Vectors_Size                           0x00000134   Number         0  startup_stm32f10x_hd_vl.o ABSOLUTE
    __Vectors                                0x08000000   Data           4  startup_stm32f10x_hd_vl.o(RESET)
    __Vectors_End                            0x08000134   Data           0  startup_stm32f10x_hd_vl.o(RESET)
    __main                                   0x08000135   Thumb Code     0  entry.o(.ARM.Collect$$$$00000000)
    _main_stk                                0x08000135   Thumb Code     0  entry2.o(.ARM.Collect$$$$00000001)
    _main_scatterload                        0x08000139   Thumb Code     0  entry5.o(.ARM.Collect$$$$00000004)
    __main_after_scatterload                 0x0800013d   Thumb Code     0  entry5.o(.ARM.Collect$$$$00000004)
    _main_clock                              0x0800013d   Thumb Code     0  entry7b.o(.ARM.Collect$$$$00000008)
    _main_cpp_init                           0x0800013d   Thumb Code     0  entry8b.o(.ARM.Collect$$$$0000000A)
    _main_init                               0x0800013d   Thumb Code     0  entry9a.o(.ARM.Collect$$$$0000000B)
    __rt_final_cpp                           0x08000145   Thumb Code     0  entry10a.o(.ARM.Collect$$$$0000000D)
    __rt_final_exit                          0x08000145   Thumb Code     0  entry11a.o(.ARM.Collect$$$$0000000F)
    __get_PSP                                0x08000149   Thumb Code     6  core_cm3.o(.emb_text)
    __set_PSP                                0x0800014f   Thumb Code     6  core_cm3.o(.emb_text)
    __get_MSP                                0x08000155   Thumb Code     6  core_cm3.o(.emb_text)
    __set_MSP                                0x0800015b   Thumb Code     6  core_cm3.o(.emb_text)
    __REV16                                  0x08000161   Thumb Code     4  core_cm3.o(.emb_text)
    __REVSH                                  0x08000165   Thumb Code     4  core_cm3.o(.emb_text)
    Reset_Handler                            0x08000169   Thumb Code     8  startup_stm32f10x_hd_vl.o(.text)
    ADC1_IRQHandler                          0x08000183   Thumb Code     0  startup_stm32f10x_hd_vl.o(.text)
    CEC_IRQHandler                           0x08000183   Thumb Code     0  startup_stm32f10x_hd_vl.o(.text)
    DMA1_Channel1_IRQHandler                 0x08000183   Thumb Code     0  startup_stm32f10x_hd_vl.o(.text)
    DMA1_Channel2_IRQHandler                 0x08000183   Thumb Code     0  startup_stm32f10x_hd_vl.o(.text)
    DMA1_Channel3_IRQHandler                 0x08000183   Thumb Code     0  startup_stm32f10x_hd_vl.o(.text)
    DMA1_Channel4_IRQHandler                 0x08000183   Thumb Code     0  startup_stm32f10x_hd_vl.o(.text)
    DMA1_Channel5_IRQHandler                 0x08000183   Thumb Code     0  startup_stm32f10x_hd_vl.o(.text)
    DMA1_Channel6_IRQHandler                 0x08000183   Thumb Code     0  startup_stm32f10x_hd_vl.o(.text)
    DMA1_Channel7_IRQHandler                 0x08000183   Thumb Code     0  startup_stm32f10x_hd_vl.o(.text)
    DMA2_Channel1_IRQHandler                 0x08000183   Thumb Code     0  startup_stm32f10x_hd_vl.o(.text)
    DMA2_Channel2_IRQHandler                 0x08000183   Thumb Code     0  startup_stm32f10x_hd_vl.o(.text)
    DMA2_Channel3_IRQHandler                 0x08000183   Thumb Code     0  startup_stm32f10x_hd_vl.o(.text)
    DMA2_Channel4_5_IRQHandler               0x08000183   Thumb Code     0  startup_stm32f10x_hd_vl.o(.text)
    DMA2_Channel5_IRQHandler                 0x08000183   Thumb Code     0  startup_stm32f10x_hd_vl.o(.text)
    EXTI0_IRQHandler                         0x08000183   Thumb Code     0  startup_stm32f10x_hd_vl.o(.text)
    EXTI15_10_IRQHandler                     0x08000183   Thumb Code     0  startup_stm32f10x_hd_vl.o(.text)
    EXTI1_IRQHandler                         0x08000183   Thumb Code     0  startup_stm32f10x_hd_vl.o(.text)
    EXTI2_IRQHandler                         0x08000183   Thumb Code     0  startup_stm32f10x_hd_vl.o(.text)
    EXTI3_IRQHandler                         0x08000183   Thumb Code     0  startup_stm32f10x_hd_vl.o(.text)
    EXTI4_IRQHandler                         0x08000183   Thumb Code     0  startup_stm32f10x_hd_vl.o(.text)
    EXTI9_5_IRQHandler                       0x08000183   Thumb Code     0  startup_stm32f10x_hd_vl.o(.text)
    FLASH_IRQHandler                         0x08000183   Thumb Code     0  startup_stm32f10x_hd_vl.o(.text)
    FSMC_IRQHandler                          0x08000183   Thumb Code     0  startup_stm32f10x_hd_vl.o(.text)
    I2C1_ER_IRQHandler                       0x08000183   Thumb Code     0  startup_stm32f10x_hd_vl.o(.text)
    I2C1_EV_IRQHandler                       0x08000183   Thumb Code     0  startup_stm32f10x_hd_vl.o(.text)
    I2C2_ER_IRQHandler                       0x08000183   Thumb Code     0  startup_stm32f10x_hd_vl.o(.text)
    I2C2_EV_IRQHandler                       0x08000183   Thumb Code     0  startup_stm32f10x_hd_vl.o(.text)
    PVD_IRQHandler                           0x08000183   Thumb Code     0  startup_stm32f10x_hd_vl.o(.text)
    RCC_IRQHandler                           0x08000183   Thumb Code     0  startup_stm32f10x_hd_vl.o(.text)
    RTCAlarm_IRQHandler                      0x08000183   Thumb Code     0  startup_stm32f10x_hd_vl.o(.text)
    RTC_IRQHandler                           0x08000183   Thumb Code     0  startup_stm32f10x_hd_vl.o(.text)
    SPI1_IRQHandler                          0x08000183   Thumb Code     0  startup_stm32f10x_hd_vl.o(.text)
    SPI2_IRQHandler                          0x08000183   Thumb Code     0  startup_stm32f10x_hd_vl.o(.text)
    SPI3_IRQHandler                          0x08000183   Thumb Code     0  startup_stm32f10x_hd_vl.o(.text)
    TAMPER_IRQHandler                        0x08000183   Thumb Code     0  startup_stm32f10x_hd_vl.o(.text)
    TIM12_IRQHandler                         0x08000183   Thumb Code     0  startup_stm32f10x_hd_vl.o(.text)
    TIM13_IRQHandler                         0x08000183   Thumb Code     0  startup_stm32f10x_hd_vl.o(.text)
    TIM14_IRQHandler                         0x08000183   Thumb Code     0  startup_stm32f10x_hd_vl.o(.text)
    TIM1_BRK_TIM15_IRQHandler                0x08000183   Thumb Code     0  startup_stm32f10x_hd_vl.o(.text)
    TIM1_CC_IRQHandler                       0x08000183   Thumb Code     0  startup_stm32f10x_hd_vl.o(.text)
    TIM1_TRG_COM_TIM17_IRQHandler            0x08000183   Thumb Code     0  startup_stm32f10x_hd_vl.o(.text)
    TIM1_UP_TIM16_IRQHandler                 0x08000183   Thumb Code     0  startup_stm32f10x_hd_vl.o(.text)
    TIM2_IRQHandler                          0x08000183   Thumb Code     0  startup_stm32f10x_hd_vl.o(.text)
    TIM3_IRQHandler                          0x08000183   Thumb Code     0  startup_stm32f10x_hd_vl.o(.text)
    TIM4_IRQHandler                          0x08000183   Thumb Code     0  startup_stm32f10x_hd_vl.o(.text)
    TIM5_IRQHandler                          0x08000183   Thumb Code     0  startup_stm32f10x_hd_vl.o(.text)
    TIM6_DAC_IRQHandler                      0x08000183   Thumb Code     0  startup_stm32f10x_hd_vl.o(.text)
    TIM7_IRQHandler                          0x08000183   Thumb Code     0  startup_stm32f10x_hd_vl.o(.text)
    UART4_IRQHandler                         0x08000183   Thumb Code     0  startup_stm32f10x_hd_vl.o(.text)
    UART5_IRQHandler                         0x08000183   Thumb Code     0  startup_stm32f10x_hd_vl.o(.text)
    USART1_IRQHandler                        0x08000183   Thumb Code     0  startup_stm32f10x_hd_vl.o(.text)
    USART2_IRQHandler                        0x08000183   Thumb Code     0  startup_stm32f10x_hd_vl.o(.text)
    USART3_IRQHandler                        0x08000183   Thumb Code     0  startup_stm32f10x_hd_vl.o(.text)
    WWDG_IRQHandler                          0x08000183   Thumb Code     0  startup_stm32f10x_hd_vl.o(.text)
    __aeabi_memcpy                           0x0800018d   Thumb Code    36  memcpya.o(.text)
    __aeabi_memcpy4                          0x0800018d   Thumb Code     0  memcpya.o(.text)
    __aeabi_memcpy8                          0x0800018d   Thumb Code     0  memcpya.o(.text)
    __scatterload                            0x080001b1   Thumb Code    28  init.o(.text)
    __scatterload_rt2                        0x080001b1   Thumb Code     0  init.o(.text)
    BusFault_Handler                         0x080001d5   Thumb Code     4  stm32f10x_it.o(i.BusFault_Handler)
    DebugMon_Handler                         0x080001d9   Thumb Code     2  stm32f10x_it.o(i.DebugMon_Handler)
    FLASH_ErasePage                          0x080001dd   Thumb Code    72  stm32f10x_flash.o(i.FLASH_ErasePage)
    FLASH_GetBank1Status                     0x08000229   Thumb Code    48  stm32f10x_flash.o(i.FLASH_GetBank1Status)
    FLASH_GetWriteProtectionOptionByte       0x0800025d   Thumb Code     6  stm32f10x_flash.o(i.FLASH_GetWriteProtectionOptionByte)
    FLASH_LockBank1                          0x08000269   Thumb Code    14  stm32f10x_flash.o(i.FLASH_LockBank1)
    FLASH_PagesMask                          0x0800027d   Thumb Code    24  common.o(i.FLASH_PagesMask)
    FLASH_ProgramHalfWord                    0x08000295   Thumb Code    60  stm32f10x_flash.o(i.FLASH_ProgramHalfWord)
    FLASH_ProgramWord                        0x080002d5   Thumb Code   102  stm32f10x_flash.o(i.FLASH_ProgramWord)
    FLASH_Unlock                             0x08000341   Thumb Code    12  stm32f10x_flash.o(i.FLASH_Unlock)
    FLASH_UnlockBank1                        0x08000359   Thumb Code    12  stm32f10x_flash.o(i.FLASH_UnlockBank1)
    FLASH_WaitForLastOperation               0x08000371   Thumb Code    38  stm32f10x_flash.o(i.FLASH_WaitForLastOperation)
    Flash_Read                               0x08000397   Thumb Code    22  upload.o(i.Flash_Read)
    Flash_Write                              0x080003ad   Thumb Code   220  upload.o(i.Flash_Write)
    Flash_Write_Without_check                0x08000489   Thumb Code    50  upload.o(i.Flash_Write_Without_check)
    GPIO_Init                                0x080004bb   Thumb Code   278  stm32f10x_gpio.o(i.GPIO_Init)
    HardFault_Handler                        0x080005d1   Thumb Code     4  stm32f10x_it.o(i.HardFault_Handler)
    Int2Str                                  0x08000601   Thumb Code    84  common.o(i.Int2Str)
    Main_Menu                                0x08000659   Thumb Code   118  common.o(i.Main_Menu)
    MemManage_Handler                        0x080006f1   Thumb Code     4  stm32f10x_it.o(i.MemManage_Handler)
    NMI_Handler                              0x080006f5   Thumb Code     2  stm32f10x_it.o(i.NMI_Handler)
    PendSV_Handler                           0x080006f7   Thumb Code     2  stm32f10x_it.o(i.PendSV_Handler)
    RCC_APB1PeriphClockCmd                   0x080006f9   Thumb Code    26  stm32f10x_rcc.o(i.RCC_APB1PeriphClockCmd)
    RCC_APB2PeriphClockCmd                   0x08000719   Thumb Code    26  stm32f10x_rcc.o(i.RCC_APB2PeriphClockCmd)
    RCC_GetClocksFreq                        0x08000739   Thumb Code   192  stm32f10x_rcc.o(i.RCC_GetClocksFreq)
    Receive_Byte                             0x0800080d   Thumb Code    34  ymodem.o(i.Receive_Byte)
    STM_EVAL_COMInit                         0x080008ed   Thumb Code   146  stm32_eval.o(i.STM_EVAL_COMInit)
    SVC_Handler                              0x080009a1   Thumb Code     2  stm32f10x_it.o(i.SVC_Handler)
    SerialDownload                           0x080009b1   Thumb Code   120  download.o(i.SerialDownload)
    SerialKeyPressed                         0x08000b45   Thumb Code    30  common.o(i.SerialKeyPressed)
    SerialPutChar                            0x08000b69   Thumb Code    28  common.o(i.SerialPutChar)
    Serial_PutString                         0x08000b89   Thumb Code    22  common.o(i.Serial_PutString)
    Str2Int                                  0x08000c89   Thumb Code   260  common.o(i.Str2Int)
    SysTick_Handler                          0x08000d8d   Thumb Code     2  stm32f10x_it.o(i.SysTick_Handler)
    SystemInit                               0x08000d91   Thumb Code    78  system_stm32f10x.o(i.SystemInit)
    USART_Cmd                                0x08000df1   Thumb Code    24  stm32f10x_usart.o(i.USART_Cmd)
    USART_GetFlagStatus                      0x08000e09   Thumb Code    26  stm32f10x_usart.o(i.USART_GetFlagStatus)
    USART_Init                               0x08000e25   Thumb Code   210  stm32f10x_usart.o(i.USART_Init)
    USART_SendData                           0x08000efd   Thumb Code     8  stm32f10x_usart.o(i.USART_SendData)
    UsageFault_Handler                       0x08000f05   Thumb Code     4  stm32f10x_it.o(i.UsageFault_Handler)
    Ymodem_Receive                           0x08000f09   Thumb Code   570  ymodem.o(i.Ymodem_Receive)
    __scatterload_copy                       0x08001165   Thumb Code    14  handlers.o(i.__scatterload_copy)
    __scatterload_null                       0x08001173   Thumb Code     2  handlers.o(i.__scatterload_null)
    __scatterload_zeroinit                   0x08001175   Thumb Code    14  handlers.o(i.__scatterload_zeroinit)
    main                                     0x08001185   Thumb Code   168  main.o(i.main)
    GPIO_PIN                                 0x08001240   Data           8  stm32_eval.o(.constdata)
    GPIO_CLK                                 0x08001248   Data          16  stm32_eval.o(.constdata)
    BUTTON_PIN                               0x08001258   Data          16  stm32_eval.o(.constdata)
    BUTTON_CLK                               0x08001268   Data          32  stm32_eval.o(.constdata)
    BUTTON_EXTI_LINE                         0x08001288   Data          16  stm32_eval.o(.constdata)
    BUTTON_PORT_SOURCE                       0x08001298   Data          16  stm32_eval.o(.constdata)
    BUTTON_PIN_SOURCE                        0x080012a8   Data          16  stm32_eval.o(.constdata)
    BUTTON_IRQn                              0x080012b8   Data          16  stm32_eval.o(.constdata)
    COM_USART_CLK                            0x080012c8   Data           8  stm32_eval.o(.constdata)
    COM_TX_PORT_CLK                          0x080012d0   Data           8  stm32_eval.o(.constdata)
    COM_RX_PORT_CLK                          0x080012d8   Data           8  stm32_eval.o(.constdata)
    COM_TX_PIN                               0x080012e0   Data           4  stm32_eval.o(.constdata)
    COM_RX_PIN                               0x080012e4   Data           4  stm32_eval.o(.constdata)
    Region$$Table$$Base                      0x0800146c   Number         0  anon$$obj.o(Region$$Table)
    Region$$Table$$Limit                     0x0800148c   Number         0  anon$$obj.o(Region$$Table)
    Jump_To_Application                      0x20000000   Data           4  common.o(.data)
    JumpAddress                              0x20000004   Data           4  common.o(.data)
    BlockNbr                                 0x20000008   Data           4  common.o(.data)
    UserMemoryMask                           0x2000000c   Data           4  common.o(.data)
    FlashProtection                          0x20000010   Data           4  common.o(.data)
    FlashDestination                         0x20000014   Data           4  ymodem.o(.data)
    PageSize                                 0x20000018   Data           2  ymodem.o(.data)
    EraseCounter                             0x2000001c   Data           4  ymodem.o(.data)
    NbrOfPage                                0x20000020   Data           4  ymodem.o(.data)
    FLASHStatus                              0x20000024   Data           1  ymodem.o(.data)
    RamSource                                0x20000028   Data           4  ymodem.o(.data)
    GPIO_PORT                                0x20000040   Data          16  stm32_eval.o(.data)
    BUTTON_PORT                              0x20000050   Data          32  stm32_eval.o(.data)
    COM_USART                                0x20000070   Data           8  stm32_eval.o(.data)
    COM_TX_PORT                              0x20000078   Data           8  stm32_eval.o(.data)
    COM_RX_PORT                              0x20000080   Data           8  stm32_eval.o(.data)
    tab_1024                                 0x20000088   Data        1024  download.o(.bss)
    file_name                                0x20000488   Data         256  ymodem.o(.bss)
    __initial_sp                             0x20000d88   Data           0  startup_stm32f10x_hd_vl.o(STACK)



==============================================================================

Memory Map of the image

  Image Entry point : 0x08000135

  Load Region LR_IROM1 (Base: 0x08000000, Size: 0x00001514, Max: 0x00010000, ABSOLUTE)

    Execution Region ER_IROM1 (Base: 0x08000000, Size: 0x0000148c, Max: 0x00010000, ABSOLUTE)

    Base Addr    Size         Type   Attr      Idx    E Section Name        Object

    0x08000000   0x00000134   Data   RO         1879    RESET               startup_stm32f10x_hd_vl.o
    0x08000134   0x00000000   Code   RO         1884  * .ARM.Collect$$$$00000000  mc_w.l(entry.o)
    0x08000134   0x00000004   Code   RO         1891    .ARM.Collect$$$$00000001  mc_w.l(entry2.o)
    0x08000138   0x00000004   Code   RO         1894    .ARM.Collect$$$$00000004  mc_w.l(entry5.o)
    0x0800013c   0x00000000   Code   RO         1896    .ARM.Collect$$$$00000008  mc_w.l(entry7b.o)
    0x0800013c   0x00000000   Code   RO         1898    .ARM.Collect$$$$0000000A  mc_w.l(entry8b.o)
    0x0800013c   0x00000008   Code   RO         1899    .ARM.Collect$$$$0000000B  mc_w.l(entry9a.o)
    0x08000144   0x00000000   Code   RO         1901    .ARM.Collect$$$$0000000D  mc_w.l(entry10a.o)
    0x08000144   0x00000000   Code   RO         1903    .ARM.Collect$$$$0000000F  mc_w.l(entry11a.o)
    0x08000144   0x00000004   Code   RO         1892    .ARM.Collect$$$$00002712  mc_w.l(entry2.o)
    0x08000148   0x00000020   Code   RO         1723    .emb_text           core_cm3.o
    0x08000168   0x00000024   Code   RO         1880    .text               startup_stm32f10x_hd_vl.o
    0x0800018c   0x00000024   Code   RO         1887    .text               mc_w.l(memcpya.o)
    0x080001b0   0x00000024   Code   RO         1905    .text               mc_w.l(init.o)
    0x080001d4   0x00000004   Code   RO          179    i.BusFault_Handler  stm32f10x_it.o
    0x080001d8   0x00000002   Code   RO          180    i.DebugMon_Handler  stm32f10x_it.o
    0x080001da   0x00000002   PAD
    0x080001dc   0x0000004c   Code   RO          487    i.FLASH_ErasePage   stm32f10x_flash.o
    0x08000228   0x00000034   Code   RO          488    i.FLASH_GetBank1Status  stm32f10x_flash.o
    0x0800025c   0x0000000c   Code   RO          494    i.FLASH_GetWriteProtectionOptionByte  stm32f10x_flash.o
    0x08000268   0x00000014   Code   RO          498    i.FLASH_LockBank1   stm32f10x_flash.o
    0x0800027c   0x00000018   Code   RO            2    i.FLASH_PagesMask   common.o
    0x08000294   0x00000040   Code   RO          500    i.FLASH_ProgramHalfWord  stm32f10x_flash.o
    0x080002d4   0x0000006c   Code   RO          502    i.FLASH_ProgramWord  stm32f10x_flash.o
    0x08000340   0x00000018   Code   RO          505    i.FLASH_Unlock      stm32f10x_flash.o
    0x08000358   0x00000018   Code   RO          506    i.FLASH_UnlockBank1  stm32f10x_flash.o
    0x08000370   0x00000026   Code   RO          509    i.FLASH_WaitForLastOperation  stm32f10x_flash.o
    0x08000396   0x00000016   Code   RO          323    i.Flash_Read        upload.o
    0x080003ac   0x000000dc   Code   RO          324    i.Flash_Write       upload.o
    0x08000488   0x00000032   Code   RO          325    i.Flash_Write_Without_check  upload.o
    0x080004ba   0x00000116   Code   RO          662    i.GPIO_Init         stm32f10x_gpio.o
    0x080005d0   0x00000004   Code   RO          181    i.HardFault_Handler  stm32f10x_it.o
    0x080005d4   0x0000002a   Code   RO          155    i.IAP_Init          main.o
    0x080005fe   0x00000002   PAD
    0x08000600   0x00000058   Code   RO            6    i.Int2Str           common.o
    0x08000658   0x00000098   Code   RO            7    i.Main_Menu         common.o
    0x080006f0   0x00000004   Code   RO          182    i.MemManage_Handler  stm32f10x_it.o
    0x080006f4   0x00000002   Code   RO          183    i.NMI_Handler       stm32f10x_it.o
    0x080006f6   0x00000002   Code   RO          184    i.PendSV_Handler    stm32f10x_it.o
    0x080006f8   0x00000020   Code   RO          973    i.RCC_APB1PeriphClockCmd  stm32f10x_rcc.o
    0x08000718   0x00000020   Code   RO          975    i.RCC_APB2PeriphClockCmd  stm32f10x_rcc.o
    0x08000738   0x000000d4   Code   RO          983    i.RCC_GetClocksFreq  stm32f10x_rcc.o
    0x0800080c   0x00000022   Code   RO          244    i.Receive_Byte      ymodem.o
    0x0800082e   0x000000bc   Code   RO          245    i.Receive_Packet    ymodem.o
    0x080008ea   0x00000002   PAD
    0x080008ec   0x000000b4   Code   RO         1775    i.STM_EVAL_COMInit  stm32_eval.o
    0x080009a0   0x00000002   Code   RO          185    i.SVC_Handler       stm32f10x_it.o
    0x080009a2   0x0000000e   Code   RO          246    i.Send_Byte         ymodem.o
    0x080009b0   0x00000194   Code   RO          134    i.SerialDownload    download.o
    0x08000b44   0x00000024   Code   RO            8    i.SerialKeyPressed  common.o
    0x08000b68   0x00000020   Code   RO            9    i.SerialPutChar     common.o
    0x08000b88   0x00000016   Code   RO           10    i.Serial_PutString  common.o
    0x08000b9e   0x00000008   Code   RO         1734    i.SetSysClock       system_stm32f10x.o
    0x08000ba6   0x00000002   PAD
    0x08000ba8   0x000000e0   Code   RO         1735    i.SetSysClockTo72   system_stm32f10x.o
    0x08000c88   0x00000104   Code   RO           11    i.Str2Int           common.o
    0x08000d8c   0x00000002   Code   RO          186    i.SysTick_Handler   stm32f10x_it.o
    0x08000d8e   0x00000002   PAD
    0x08000d90   0x00000060   Code   RO         1737    i.SystemInit        system_stm32f10x.o
    0x08000df0   0x00000018   Code   RO         1511    i.USART_Cmd         stm32f10x_usart.o
    0x08000e08   0x0000001a   Code   RO         1514    i.USART_GetFlagStatus  stm32f10x_usart.o
    0x08000e22   0x00000002   PAD
    0x08000e24   0x000000d8   Code   RO         1518    i.USART_Init        stm32f10x_usart.o
    0x08000efc   0x00000008   Code   RO         1528    i.USART_SendData    stm32f10x_usart.o
    0x08000f04   0x00000004   Code   RO          187    i.UsageFault_Handler  stm32f10x_it.o
    0x08000f08   0x0000025c   Code   RO          251    i.Ymodem_Receive    ymodem.o
    0x08001164   0x0000000e   Code   RO         1909    i.__scatterload_copy  mc_w.l(handlers.o)
    0x08001172   0x00000002   Code   RO         1910    i.__scatterload_null  mc_w.l(handlers.o)
    0x08001174   0x0000000e   Code   RO         1911    i.__scatterload_zeroinit  mc_w.l(handlers.o)
    0x08001182   0x00000002   PAD
    0x08001184   0x000000bc   Code   RO          156    i.main              main.o
    0x08001240   0x000000a8   Data   RO         1784    .constdata          stm32_eval.o
    0x080012e8   0x0000012d   Data   RO           12    .conststring        common.o
    0x08001415   0x00000003   PAD
    0x08001418   0x00000053   Data   RO          136    .conststring        download.o
    0x0800146b   0x00000001   PAD
    0x0800146c   0x00000020   Data   RO         1907    Region$$Table       anon$$obj.o


    Execution Region RW_IRAM1 (Base: 0x20000000, Size: 0x00000d88, Max: 0x00005000, ABSOLUTE)

    Base Addr    Size         Type   Attr      Idx    E Section Name        Object

    0x20000000   0x00000014   Data   RW           13    .data               common.o
    0x20000014   0x00000018   Data   RW          255    .data               ymodem.o
    0x2000002c   0x00000014   Data   RW         1003    .data               stm32f10x_rcc.o
    0x20000040   0x00000048   Data   RW         1785    .data               stm32_eval.o
    0x20000088   0x00000400   Zero   RW          135    .bss                download.o
    0x20000488   0x00000100   Zero   RW          254    .bss                ymodem.o
    0x20000588   0x00000800   Zero   RW         1877    STACK               startup_stm32f10x_hd_vl.o


==============================================================================

Image component sizes


      Code (inc. data)   RO Data    RW Data    ZI Data      Debug   Object Name

       614         48        301         20          0     247601   common.o
        32          0          0          0          0        732   core_cm3.o
       404        284         83          0       1024       1464   download.o
       230         20          0          0          0       1207   main.o
        36          8        308          0       2048        872   startup_stm32f10x_hd_vl.o
       180         34        168         72          0       2711   stm32_eval.o
       418         54          0          0          0       8088   stm32f10x_flash.o
       278          0          0          0          0       2284   stm32f10x_gpio.o
        26          0          0          0          0       4754   stm32f10x_it.o
       276         32          0         20          0       5222   stm32f10x_rcc.o
       274          6          0          0          0       4796   stm32f10x_usart.o
       328         28          0          0          0       2317   system_stm32f10x.o
       292          0          0          0          0       3059   upload.o
       840         34          0         24        256       4818   ymodem.o

    ----------------------------------------------------------------------
      4240        548        896        136       3328     289925   Object Totals
         0          0         32          0          0          0   (incl. Generated)
        12          0          4          0          0          0   (incl. Padding)

    ----------------------------------------------------------------------

      Code (inc. data)   RO Data    RW Data    ZI Data      Debug   Library Member Name

         0          0          0          0          0          0   entry.o
         0          0          0          0          0          0   entry10a.o
         0          0          0          0          0          0   entry11a.o
         8          4          0          0          0          0   entry2.o
         4          0          0          0          0          0   entry5.o
         0          0          0          0          0          0   entry7b.o
         0          0          0          0          0          0   entry8b.o
         8          4          0          0          0          0   entry9a.o
        30          0          0          0          0          0   handlers.o
        36          8          0          0          0         68   init.o
        36          0          0          0          0         68   memcpya.o

    ----------------------------------------------------------------------
       124         16          0          0          0        136   Library Totals
         2          0          0          0          0          0   (incl. Padding)

    ----------------------------------------------------------------------

      Code (inc. data)   RO Data    RW Data    ZI Data      Debug   Library Name

       122         16          0          0          0        136   mc_w.l

    ----------------------------------------------------------------------
       124         16          0          0          0        136   Library Totals

    ----------------------------------------------------------------------

==============================================================================


      Code (inc. data)   RO Data    RW Data    ZI Data      Debug   

      4364        564        896        136       3328     287977   Grand Totals
      4364        564        896        136       3328     287977   ELF Image Totals
      4364        564        896        136          0          0   ROM Totals

==============================================================================

    Total RO  Size (Code + RO Data)                 5260 (   5.14kB)
    Total RW  Size (RW Data + ZI Data)              3464 (   3.38kB)
    Total ROM Size (Code + RO Data + RW Data)       5396 (   5.27kB)

==============================================================================

